--------------------------------------------------------------------------------
Release 14.7 Trace  (nt64)
Copyright (c) 1995-2013 Xilinx, Inc.  All rights reserved.

C:\Xilinx\14.7\ISE_DS\ISE\bin\nt64\unwrapped\trce.exe -intstyle ise -v 3 -s 2
-n 3 -fastpaths -xml Motorbipolar.twx Motorbipolar.ncd -o Motorbipolar.twr
Motorbipolar.pcf

Design file:              Motorbipolar.ncd
Physical constraint file: Motorbipolar.pcf
Device,package,speed:     xc6slx9,csg225,C,-2 (PRODUCTION 1.23 2013-10-13)
Report level:             verbose report

Environment Variable      Effect 
--------------------      ------ 
NONE                      No environment variables were set
--------------------------------------------------------------------------------

INFO:Timing:2698 - No timing constraints found, doing default enumeration.
INFO:Timing:3412 - To improve timing, see the Timing Closure User Guide (UG612).
INFO:Timing:2752 - To get complete path coverage, use the unconstrained paths 
   option. All paths that are not constrained will be reported in the 
   unconstrained paths section(s) of the report.
INFO:Timing:3339 - The clock-to-out numbers in this timing report are based on 
   a 50 Ohm transmission line loading model.  For the details of this model, 
   and for more information on accounting for different loading conditions, 
   please see the device datasheet.



Data Sheet report:
-----------------
All values displayed in nanoseconds (ns)

Setup/Hold to clock stop
------------+------------+------------+------------+------------+------------------+--------+
            |Max Setup to|  Process   |Max Hold to |  Process   |                  | Clock  |
Source      | clk (edge) |   Corner   | clk (edge) |   Corner   |Internal Clock(s) | Phase  |
------------+------------+------------+------------+------------+------------------+--------+
dir         |    2.128(F)|      SLOW  |   -0.654(F)|      FAST  |stop_IBUF_BUFG    |   0.000|
vel         |    2.230(F)|      SLOW  |   -0.367(F)|      SLOW  |stop_IBUF_BUFG    |   0.000|
------------+------------+------------+------------+------------+------------------+--------+

Clock clk to Pad
------------+-----------------+------------+-----------------+------------+------------------+--------+
            |Max (slowest) clk|  Process   |Min (fastest) clk|  Process   |                  | Clock  |
Destination |  (edge) to PAD  |   Corner   |  (edge) to PAD  |   Corner   |Internal Clock(s) | Phase  |
------------+-----------------+------------+-----------------+------------+------------------+--------+
mot<0>      |        11.183(R)|      SLOW  |         4.288(R)|      FAST  |clk_BUFGP         |   0.000|
mot<1>      |        10.849(R)|      SLOW  |         4.069(R)|      FAST  |clk_BUFGP         |   0.000|
mot<2>      |        11.401(R)|      SLOW  |         4.222(R)|      FAST  |clk_BUFGP         |   0.000|
mot<3>      |        11.107(R)|      SLOW  |         4.080(R)|      FAST  |clk_BUFGP         |   0.000|
------------+-----------------+------------+-----------------+------------+------------------+--------+

Clock to Setup on destination clock clk
---------------+---------+---------+---------+---------+
               | Src:Rise| Src:Fall| Src:Rise| Src:Fall|
Source Clock   |Dest:Rise|Dest:Rise|Dest:Fall|Dest:Fall|
---------------+---------+---------+---------+---------+
clk            |    3.572|         |         |         |
stop           |         |    2.454|         |         |
---------------+---------+---------+---------+---------+

Clock to Setup on destination clock stop
---------------+---------+---------+---------+---------+
               | Src:Rise| Src:Fall| Src:Rise| Src:Fall|
Source Clock   |Dest:Rise|Dest:Rise|Dest:Fall|Dest:Fall|
---------------+---------+---------+---------+---------+
clk            |         |         |    4.001|         |
---------------+---------+---------+---------+---------+

Pad to Pad
---------------+---------------+---------+
Source Pad     |Destination Pad|  Delay  |
---------------+---------------+---------+
dir            |mot<0>         |   10.135|
dir            |mot<1>         |    9.801|
dir            |mot<2>         |   10.419|
dir            |mot<3>         |   10.125|
stop           |mot<0>         |    9.994|
stop           |mot<1>         |    9.660|
stop           |mot<2>         |   10.146|
stop           |mot<3>         |    9.852|
vel            |mot<0>         |    9.432|
vel            |mot<1>         |    9.098|
vel            |mot<2>         |    9.650|
vel            |mot<3>         |    9.356|
---------------+---------------+---------+


Analysis completed Mon Oct 10 20:49:31 2022 
--------------------------------------------------------------------------------

Trace Settings:
-------------------------
Trace Settings 

Peak Memory Usage: 4571 MB



